2024-08-09 19:19:19 - SQLSTATE[23000]: Integrity constraint violation: 1048 Column 'product_id' cannot be null
2024-08-09 19:19:54 - SQLSTATE[23000]: Integrity constraint violation: 1048 Column 'product_id' cannot be null
2024-08-10 18:06:15 - SQLSTATE[23000]: Integrity constraint violation: 1048 Column 'quantity' cannot be null
2024-08-10 18:06:17 - SQLSTATE[23000]: Integrity constraint violation: 1048 Column 'quantity' cannot be null
2024-08-10 18:06:17 - SQLSTATE[23000]: Integrity constraint violation: 1048 Column 'quantity' cannot be null
2024-08-10 18:09:33 - SQLSTATE[23000]: Integrity constraint violation: 1048 Column 'quantity' cannot be null
2024-08-10 18:10:03 - SQLSTATE[23000]: Integrity constraint violation: 1048 Column 'quantity' cannot be null
2024-08-10 18:10:03 - SQLSTATE[23000]: Integrity constraint violation: 1048 Column 'quantity' cannot be null
2024-08-10 18:10:30 - SQLSTATE[23000]: Integrity constraint violation: 1048 Column 'quantity' cannot be null
2024-08-10 18:10:31 - SQLSTATE[23000]: Integrity constraint violation: 1048 Column 'quantity' cannot be null
2024-08-10 18:10:32 - SQLSTATE[23000]: Integrity constraint violation: 1048 Column 'quantity' cannot be null
2024-08-10 19:19:06 - SQLSTATE[23000]: Integrity constraint violation: 1048 Column 'product_id' cannot be null
2024-08-10 19:33:46 - SQLSTATE[42000]: Syntax error or access violation: 1064 You have an error in your SQL syntax; check the manual that corresponds to your MariaDB server version for the right syntax to use near 'ON cart.product_id = products.product_id
                JOIN ON cart.user_i...' at line 3
2024-08-10 19:33:56 - SQLSTATE[42000]: Syntax error or access violation: 1064 You have an error in your SQL syntax; check the manual that corresponds to your MariaDB server version for the right syntax to use near 'ON cart.product_id = products.product_id
                JOIN ON cart.user_i...' at line 3
2024-08-10 19:33:56 - SQLSTATE[42000]: Syntax error or access violation: 1064 You have an error in your SQL syntax; check the manual that corresponds to your MariaDB server version for the right syntax to use near 'ON cart.product_id = products.product_id
                JOIN ON cart.user_i...' at line 3
2024-08-10 19:34:57 - SQLSTATE[42000]: Syntax error or access violation: 1064 You have an error in your SQL syntax; check the manual that corresponds to your MariaDB server version for the right syntax to use near 'ON cart.product_id = products.product_id
                JOIN ON cart.user_i...' at line 3
2024-08-10 19:34:57 - SQLSTATE[42000]: Syntax error or access violation: 1064 You have an error in your SQL syntax; check the manual that corresponds to your MariaDB server version for the right syntax to use near 'ON cart.product_id = products.product_id
                JOIN ON cart.user_i...' at line 3
2024-08-10 19:38:32 - SQLSTATE[42000]: Syntax error or access violation: 1064 You have an error in your SQL syntax; check the manual that corresponds to your MariaDB server version for the right syntax to use near 'ON cart.product_id = products.product_id
                JOIN ON cart.user_i...' at line 3
2024-08-10 19:39:32 - SQLSTATE[42000]: Syntax error or access violation: 1064 You have an error in your SQL syntax; check the manual that corresponds to your MariaDB server version for the right syntax to use near 'ON cart.product_id = products.product_id
                JOIN ON cart.user_i...' at line 3
2024-08-10 19:39:33 - SQLSTATE[42000]: Syntax error or access violation: 1064 You have an error in your SQL syntax; check the manual that corresponds to your MariaDB server version for the right syntax to use near 'ON cart.product_id = products.product_id
                JOIN ON cart.user_i...' at line 3
2024-08-10 19:43:51 - SQLSTATE[42000]: Syntax error or access violation: 1064 You have an error in your SQL syntax; check the manual that corresponds to your MariaDB server version for the right syntax to use near 'ON cart.product_id = products.product_id
                JOIN ON cart.user_i...' at line 3
2024-08-10 19:43:51 - SQLSTATE[42000]: Syntax error or access violation: 1064 You have an error in your SQL syntax; check the manual that corresponds to your MariaDB server version for the right syntax to use near 'ON cart.product_id = products.product_id
                JOIN ON cart.user_i...' at line 3
2024-08-10 19:46:44 - SQLSTATE[42000]: Syntax error or access violation: 1064 You have an error in your SQL syntax; check the manual that corresponds to your MariaDB server version for the right syntax to use near 'ON cart.product_id = products.product_id
                JOIN ON cart.user_i...' at line 3
2024-08-10 19:47:15 - SQLSTATE[42000]: Syntax error or access violation: 1064 You have an error in your SQL syntax; check the manual that corresponds to your MariaDB server version for the right syntax to use near 'ON cart.product_id = products.product_id
                JOIN ON cart.user_i...' at line 3
2024-08-10 19:47:24 - SQLSTATE[42000]: Syntax error or access violation: 1064 You have an error in your SQL syntax; check the manual that corresponds to your MariaDB server version for the right syntax to use near 'ON cart.product_id = products.product_id
                JOIN ON cart.user_i...' at line 3
2024-08-10 19:47:25 - SQLSTATE[42000]: Syntax error or access violation: 1064 You have an error in your SQL syntax; check the manual that corresponds to your MariaDB server version for the right syntax to use near 'ON cart.product_id = products.product_id
                JOIN ON cart.user_i...' at line 3
2024-08-10 19:47:35 - SQLSTATE[42000]: Syntax error or access violation: 1064 You have an error in your SQL syntax; check the manual that corresponds to your MariaDB server version for the right syntax to use near 'ON cart.product_id = products.product_id
                JOIN ON cart.user_i...' at line 3
2024-08-10 19:47:48 - SQLSTATE[42000]: Syntax error or access violation: 1064 You have an error in your SQL syntax; check the manual that corresponds to your MariaDB server version for the right syntax to use near 'ON cart.product_id = products.product_id
                JOIN ON cart.user_i...' at line 3
2024-08-10 19:47:58 - SQLSTATE[42000]: Syntax error or access violation: 1064 You have an error in your SQL syntax; check the manual that corresponds to your MariaDB server version for the right syntax to use near 'ON cart.product_id = products.product_id
                JOIN ON cart.user_i...' at line 3
2024-08-10 19:47:58 - SQLSTATE[42000]: Syntax error or access violation: 1064 You have an error in your SQL syntax; check the manual that corresponds to your MariaDB server version for the right syntax to use near 'ON cart.product_id = products.product_id
                JOIN ON cart.user_i...' at line 3
2024-08-10 19:48:34 - SQLSTATE[42000]: Syntax error or access violation: 1064 You have an error in your SQL syntax; check the manual that corresponds to your MariaDB server version for the right syntax to use near 'ON cart.product_id = products.product_id
                JOIN ON cart.user_i...' at line 3
2024-08-10 19:48:43 - SQLSTATE[42000]: Syntax error or access violation: 1064 You have an error in your SQL syntax; check the manual that corresponds to your MariaDB server version for the right syntax to use near 'ON cart.product_id = products.product_id
                JOIN ON cart.user_i...' at line 3
2024-08-10 19:48:44 - SQLSTATE[42000]: Syntax error or access violation: 1064 You have an error in your SQL syntax; check the manual that corresponds to your MariaDB server version for the right syntax to use near 'ON cart.product_id = products.product_id
                JOIN ON cart.user_i...' at line 3
2024-08-10 19:49:23 - SQLSTATE[42000]: Syntax error or access violation: 1064 You have an error in your SQL syntax; check the manual that corresponds to your MariaDB server version for the right syntax to use near 'ON cart.product_id = products.product_id
                JOIN ON cart.user_i...' at line 3
2024-08-10 19:49:54 - SQLSTATE[42000]: Syntax error or access violation: 1064 You have an error in your SQL syntax; check the manual that corresponds to your MariaDB server version for the right syntax to use near 'ON cart.product_id = products.product_id
                JOIN ON cart.user_i...' at line 3
2024-08-10 19:50:04 - SQLSTATE[42000]: Syntax error or access violation: 1064 You have an error in your SQL syntax; check the manual that corresponds to your MariaDB server version for the right syntax to use near 'ON cart.product_id = products.product_id
                JOIN ON cart.user_i...' at line 3
2024-08-10 19:50:05 - SQLSTATE[42000]: Syntax error or access violation: 1064 You have an error in your SQL syntax; check the manual that corresponds to your MariaDB server version for the right syntax to use near 'ON cart.product_id = products.product_id
                JOIN ON cart.user_i...' at line 3
2024-08-10 19:50:20 - SQLSTATE[42000]: Syntax error or access violation: 1064 You have an error in your SQL syntax; check the manual that corresponds to your MariaDB server version for the right syntax to use near 'ON cart.product_id = products.product_id
                JOIN ON cart.user_i...' at line 3
2024-08-10 19:53:39 - SQLSTATE[42000]: Syntax error or access violation: 1064 You have an error in your SQL syntax; check the manual that corresponds to your MariaDB server version for the right syntax to use near 'ON cart.product_id = products.product_id
                JOIN ON cart.user_i...' at line 3
2024-08-10 19:53:39 - SQLSTATE[42000]: Syntax error or access violation: 1064 You have an error in your SQL syntax; check the manual that corresponds to your MariaDB server version for the right syntax to use near 'ON cart.product_id = products.product_id
                JOIN ON cart.user_i...' at line 3
2024-08-10 19:54:04 - SQLSTATE[42000]: Syntax error or access violation: 1064 You have an error in your SQL syntax; check the manual that corresponds to your MariaDB server version for the right syntax to use near 'ON cart.product_id = products.product_id
                JOIN ON cart.user_i...' at line 3
2024-08-10 19:54:15 - SQLSTATE[42000]: Syntax error or access violation: 1064 You have an error in your SQL syntax; check the manual that corresponds to your MariaDB server version for the right syntax to use near 'ON cart.product_id = products.product_id
                JOIN ON cart.user_i...' at line 3
2024-08-10 19:54:15 - SQLSTATE[42000]: Syntax error or access violation: 1064 You have an error in your SQL syntax; check the manual that corresponds to your MariaDB server version for the right syntax to use near 'ON cart.product_id = products.product_id
                JOIN ON cart.user_i...' at line 3
2024-08-10 19:56:43 - SQLSTATE[42000]: Syntax error or access violation: 1064 You have an error in your SQL syntax; check the manual that corresponds to your MariaDB server version for the right syntax to use near 'ON cart.product_id = products.product_id
                JOIN ON cart.user_i...' at line 3
2024-08-10 19:57:13 - SQLSTATE[42000]: Syntax error or access violation: 1064 You have an error in your SQL syntax; check the manual that corresponds to your MariaDB server version for the right syntax to use near 'ON cart.product_id = products.product_id
                JOIN ON cart.user_i...' at line 3
2024-08-10 19:57:13 - SQLSTATE[42000]: Syntax error or access violation: 1064 You have an error in your SQL syntax; check the manual that corresponds to your MariaDB server version for the right syntax to use near 'ON cart.product_id = products.product_id
                JOIN ON cart.user_i...' at line 3
2024-08-10 19:59:31 - SQLSTATE[42000]: Syntax error or access violation: 1064 You have an error in your SQL syntax; check the manual that corresponds to your MariaDB server version for the right syntax to use near 'ON cart.product_id = products.product_id
                JOIN ON cart.user_i...' at line 3
2024-08-10 20:00:00 - SQLSTATE[42000]: Syntax error or access violation: 1064 You have an error in your SQL syntax; check the manual that corresponds to your MariaDB server version for the right syntax to use near 'ON cart.product_id = products.product_id
                JOIN ON cart.user_i...' at line 3
2024-08-10 20:00:25 - SQLSTATE[42000]: Syntax error or access violation: 1064 You have an error in your SQL syntax; check the manual that corresponds to your MariaDB server version for the right syntax to use near 'ON cart.product_id = products.product_id
                JOIN ON cart.user_i...' at line 3
2024-08-10 20:00:39 - SQLSTATE[42000]: Syntax error or access violation: 1064 You have an error in your SQL syntax; check the manual that corresponds to your MariaDB server version for the right syntax to use near 'ON cart.product_id = products.product_id
                JOIN ON cart.user_i...' at line 3
2024-08-10 20:00:49 - SQLSTATE[42000]: Syntax error or access violation: 1064 You have an error in your SQL syntax; check the manual that corresponds to your MariaDB server version for the right syntax to use near 'ON cart.product_id = products.product_id
                JOIN ON cart.user_i...' at line 3
2024-08-10 20:01:38 - SQLSTATE[42000]: Syntax error or access violation: 1064 You have an error in your SQL syntax; check the manual that corresponds to your MariaDB server version for the right syntax to use near 'ON cart.product_id = products.product_id
                JOIN ON cart.user_i...' at line 3
2024-08-10 20:02:04 - SQLSTATE[42000]: Syntax error or access violation: 1064 You have an error in your SQL syntax; check the manual that corresponds to your MariaDB server version for the right syntax to use near 'ON cart.product_id = products.product_id
                JOIN ON cart.user_i...' at line 3
2024-08-10 20:02:04 - SQLSTATE[42000]: Syntax error or access violation: 1064 You have an error in your SQL syntax; check the manual that corresponds to your MariaDB server version for the right syntax to use near 'ON cart.product_id = products.product_id
                JOIN ON cart.user_i...' at line 3
2024-08-10 20:02:21 - SQLSTATE[42000]: Syntax error or access violation: 1064 You have an error in your SQL syntax; check the manual that corresponds to your MariaDB server version for the right syntax to use near 'ON cart.product_id = products.product_id
                JOIN ON cart.user_i...' at line 3
2024-08-10 20:03:30 - SQLSTATE[42000]: Syntax error or access violation: 1064 You have an error in your SQL syntax; check the manual that corresponds to your MariaDB server version for the right syntax to use near 'ON cart.product_id = products.product_id
                JOIN ON cart.user_i...' at line 3
2024-08-10 20:03:30 - SQLSTATE[42000]: Syntax error or access violation: 1064 You have an error in your SQL syntax; check the manual that corresponds to your MariaDB server version for the right syntax to use near 'ON cart.product_id = products.product_id
                JOIN ON cart.user_i...' at line 3
2024-08-10 20:03:51 - SQLSTATE[42000]: Syntax error or access violation: 1064 You have an error in your SQL syntax; check the manual that corresponds to your MariaDB server version for the right syntax to use near 'ON cart.product_id = products.product_id
                JOIN ON cart.user_i...' at line 3
2024-08-10 20:04:01 - SQLSTATE[42000]: Syntax error or access violation: 1064 You have an error in your SQL syntax; check the manual that corresponds to your MariaDB server version for the right syntax to use near 'ON cart.product_id = products.product_id
                JOIN ON cart.user_i...' at line 3
2024-08-10 20:04:01 - SQLSTATE[42000]: Syntax error or access violation: 1064 You have an error in your SQL syntax; check the manual that corresponds to your MariaDB server version for the right syntax to use near 'ON cart.product_id = products.product_id
                JOIN ON cart.user_i...' at line 3
2024-08-10 20:04:55 - SQLSTATE[42000]: Syntax error or access violation: 1064 You have an error in your SQL syntax; check the manual that corresponds to your MariaDB server version for the right syntax to use near 'ON cart.product_id = products.product_id
                JOIN ON cart.user_i...' at line 3
2024-08-10 20:04:56 - SQLSTATE[42000]: Syntax error or access violation: 1064 You have an error in your SQL syntax; check the manual that corresponds to your MariaDB server version for the right syntax to use near 'ON cart.product_id = products.product_id
                JOIN ON cart.user_i...' at line 3
2024-08-10 20:08:36 - SQLSTATE[42000]: Syntax error or access violation: 1064 You have an error in your SQL syntax; check the manual that corresponds to your MariaDB server version for the right syntax to use near 'ON cart.product_id = products.product_id
                JOIN ON cart.user_i...' at line 3
2024-08-10 20:09:59 - SQLSTATE[42000]: Syntax error or access violation: 1064 You have an error in your SQL syntax; check the manual that corresponds to your MariaDB server version for the right syntax to use near 'ON cart.product_id = products.product_id
                JOIN ON cart.user_i...' at line 3
2024-08-10 20:09:59 - SQLSTATE[42000]: Syntax error or access violation: 1064 You have an error in your SQL syntax; check the manual that corresponds to your MariaDB server version for the right syntax to use near 'ON cart.product_id = products.product_id
                JOIN ON cart.user_i...' at line 3
2024-08-10 20:11:31 - SQLSTATE[42000]: Syntax error or access violation: 1064 You have an error in your SQL syntax; check the manual that corresponds to your MariaDB server version for the right syntax to use near 'ON cart.product_id = products.product_id
                JOIN ON cart.user_i...' at line 3
2024-08-10 20:11:31 - SQLSTATE[42000]: Syntax error or access violation: 1064 You have an error in your SQL syntax; check the manual that corresponds to your MariaDB server version for the right syntax to use near 'ON cart.product_id = products.product_id
                JOIN ON cart.user_i...' at line 3
2024-08-12 19:33:17 - SQLSTATE[23000]: Integrity constraint violation: 1048 Column 'product_id' cannot be null
2024-08-14 15:28:05 - SQLSTATE[23000]: Integrity constraint violation: 1048 Column 'quantity' cannot be null
2024-08-14 15:28:44 - SQLSTATE[23000]: Integrity constraint violation: 1048 Column 'quantity' cannot be null
2024-08-17 23:35:10 - SQLSTATE[23000]: Integrity constraint violation: 1048 Column 'product_id' cannot be null
2024-08-17 23:36:23 - SQLSTATE[23000]: Integrity constraint violation: 1048 Column 'product_id' cannot be null
2024-08-24 15:34:53 - SQLSTATE[42S22]: Column not found: 1054 Unknown column 'description' in 'field list'
2024-08-24 15:34:54 - SQLSTATE[42S22]: Column not found: 1054 Unknown column 'description' in 'field list'
2024-08-24 15:35:13 - SQLSTATE[42S22]: Column not found: 1054 Unknown column 'description' in 'field list'
2024-08-24 15:35:13 - SQLSTATE[42S22]: Column not found: 1054 Unknown column 'description' in 'field list'
2024-08-25 10:21:19 - SQLSTATE[42S22]: Column not found: 1054 Unknown column 'cart.quantity' in 'field list'
2024-08-25 10:23:42 - SQLSTATE[42S22]: Column not found: 1054 Unknown column 'cart.quantity' in 'field list'
2024-08-25 10:23:42 - SQLSTATE[42S22]: Column not found: 1054 Unknown column 'product_id' in 'field list'
2024-08-25 10:23:42 - SQLSTATE[42S22]: Column not found: 1054 Unknown column 'cart.quantity' in 'field list'
2024-08-25 13:50:12 - SQLSTATE[42S22]: Column not found: 1054 Unknown column 'cart.quantity' in 'field list'
2024-08-25 13:50:12 - SQLSTATE[42S22]: Column not found: 1054 Unknown column 'cart.quantity' in 'field list'
2024-08-25 13:54:16 - SQLSTATE[42S22]: Column not found: 1054 Unknown column 'cart.quantity' in 'field list'
2024-08-25 13:54:16 - SQLSTATE[42S22]: Column not found: 1054 Unknown column 'cart.quantity' in 'field list'
2024-08-25 22:45:19 - SQLSTATE[42S22]: Column not found: 1054 Unknown column 'cart_items.product_images' in 'on clause'
2024-08-26 12:33:36 - SQLSTATE[42S22]: Column not found: 1054 Unknown column 'cart_items.product_images' in 'on clause'
2024-08-26 12:33:36 - SQLSTATE[42S22]: Column not found: 1054 Unknown column 'cart_items.product_images' in 'on clause'
2024-08-26 12:38:54 - SQLSTATE[42S22]: Column not found: 1054 Unknown column 'cart_items.product_images' in 'on clause'
2024-08-26 12:38:54 - SQLSTATE[42S22]: Column not found: 1054 Unknown column 'cart_items.product_images' in 'on clause'
2024-08-26 12:48:27 - SQLSTATE[42S22]: Column not found: 1054 Unknown column 'cart_items.product_images' in 'on clause'
2024-08-26 12:48:27 - SQLSTATE[42S22]: Column not found: 1054 Unknown column 'cart_items.product_images' in 'on clause'
2024-08-26 12:56:24 - SQLSTATE[42S22]: Column not found: 1054 Unknown column 'cart_items.product_images' in 'on clause'
2024-08-26 12:56:24 - SQLSTATE[42S22]: Column not found: 1054 Unknown column 'product_id' in 'field list'
2024-08-26 12:56:24 - SQLSTATE[42S22]: Column not found: 1054 Unknown column 'cart_items.product_images' in 'on clause'
2024-09-01 16:21:53 - SQLSTATE[23000]: Integrity constraint violation: 1048 Column 'total_amount' cannot be null
2024-09-01 16:21:54 - SQLSTATE[23000]: Integrity constraint violation: 1048 Column 'quantity' cannot be null
2024-09-01 16:25:36 - SQLSTATE[23000]: Integrity constraint violation: 1048 Column 'total_amount' cannot be null
2024-09-01 16:25:36 - SQLSTATE[23000]: Integrity constraint violation: 1048 Column 'quantity' cannot be null
2024-09-01 16:27:35 - SQLSTATE[23000]: Integrity constraint violation: 1048 Column 'total_amount' cannot be null
2024-09-01 16:27:35 - SQLSTATE[23000]: Integrity constraint violation: 1048 Column 'quantity' cannot be null
2024-09-01 16:28:51 - SQLSTATE[23000]: Integrity constraint violation: 1048 Column 'total_amount' cannot be null
2024-09-01 16:28:52 - SQLSTATE[23000]: Integrity constraint violation: 1048 Column 'quantity' cannot be null2024-09-02 17:45:33 - could not find driver
2024-09-02 17:45:33 - could not find driver
2024-09-02 17:45:33 - could not find driver
2024-09-02 17:45:33 - could not find driver
2024-09-02 17:49:28 - could not find driver
2024-09-02 17:49:28 - could not find driver
2024-09-02 17:50:11 - could not find driver
2024-09-02 17:50:11 - could not find driver
2024-09-02 17:50:11 - could not find driver
2024-09-02 17:50:11 - could not find driver
2024-09-02 17:51:09 - could not find driver
2024-09-02 17:51:09 - could not find driver
2024-09-02 17:51:09 - could not find driver
2024-09-02 17:51:09 - could not find driver
2024-09-09 08:03:29 - SQLSTATE[23000]: Integrity constraint violation: 1048 Column 'reference' cannot be null
2024-09-09 08:12:50 - SQLSTATE[23000]: Integrity constraint violation: 1048 Column 'reciept_number' cannot be null
2024-09-09 08:12:50 - SQLSTATE[23000]: Integrity constraint violation: 1048 Column 'reciept_number' cannot be null
2024-09-09 08:24:19 - SQLSTATE[23000]: Integrity constraint violation: 1048 Column 'reciept_number' cannot be null
2024-09-09 08:24:19 - SQLSTATE[23000]: Integrity constraint violation: 1048 Column 'reciept_number' cannot be null
2024-09-09 08:30:42 - SQLSTATE[HY093]: Invalid parameter number: number of bound variables does not match number of tokens
2024-09-09 08:32:18 - SQLSTATE[HY093]: Invalid parameter number: number of bound variables does not match number of tokens
2024-09-09 08:32:18 - SQLSTATE[HY093]: Invalid parameter number: number of bound variables does not match number of tokens
2024-09-11 00:07:24 - SQLSTATE[42S02]: Base table or view not found: 1146 Table 'trail_ecommerce.likes' doesn't exist
2024-09-11 00:09:55 - SQLSTATE[42S02]: Base table or view not found: 1146 Table 'trail_ecommerce.likes' doesn't exist
2024-09-11 00:09:59 - SQLSTATE[42S02]: Base table or view not found: 1146 Table 'trail_ecommerce.likes' doesn't exist
2024-10-09 11:02:12 - could not find driver
2024-10-09 11:02:36 - could not find driver
2024-10-09 11:07:35 - SQLSTATE[HY000] [1045] Access denied for user 'root'@'localhost' (using password: YES)
2024-10-09 13:03:02 - SQLSTATE[42000]: Syntax error or access violation: 1055 Expression #1 of SELECT list is not in GROUP BY clause and contains nonaggregated column 'african_vibes.cart.cart_id' which is not functionally dependent on columns in GROUP BY clause; this is incompatible with sql_mode=only_full_group_by
2024-10-09 13:03:15 - SQLSTATE[42000]: Syntax error or access violation: 1055 Expression #1 of SELECT list is not in GROUP BY clause and contains nonaggregated column 'african_vibes.cart.cart_id' which is not functionally dependent on columns in GROUP BY clause; this is incompatible with sql_mode=only_full_group_by
2024-10-09 13:03:16 - SQLSTATE[42000]: Syntax error or access violation: 1055 Expression #1 of SELECT list is not in GROUP BY clause and contains nonaggregated column 'african_vibes.cart.cart_id' which is not functionally dependent on columns in GROUP BY clause; this is incompatible with sql_mode=only_full_group_by
2024-10-09 13:03:50 - SQLSTATE[42000]: Syntax error or access violation: 1055 Expression #1 of SELECT list is not in GROUP BY clause and contains nonaggregated column 'african_vibes.cart.cart_id' which is not functionally dependent on columns in GROUP BY clause; this is incompatible with sql_mode=only_full_group_by
2024-10-09 13:05:39 - SQLSTATE[42000]: Syntax error or access violation: 1055 Expression #1 of SELECT list is not in GROUP BY clause and contains nonaggregated column 'african_vibes.cart.cart_id' which is not functionally dependent on columns in GROUP BY clause; this is incompatible with sql_mode=only_full_group_by
2024-10-09 13:15:33 - SQLSTATE[42000]: Syntax error or access violation: 1055 Expression #1 of SELECT list is not in GROUP BY clause and contains nonaggregated column 'african_vibes.cart.cart_id' which is not functionally dependent on columns in GROUP BY clause; this is incompatible with sql_mode=only_full_group_by
2024-10-09 13:15:57 - SQLSTATE[42000]: Syntax error or access violation: 1055 Expression #1 of SELECT list is not in GROUP BY clause and contains nonaggregated column 'african_vibes.cart.cart_id' which is not functionally dependent on columns in GROUP BY clause; this is incompatible with sql_mode=only_full_group_by
2024-10-09 13:15:58 - SQLSTATE[42000]: Syntax error or access violation: 1055 Expression #1 of SELECT list is not in GROUP BY clause and contains nonaggregated column 'african_vibes.cart.cart_id' which is not functionally dependent on columns in GROUP BY clause; this is incompatible with sql_mode=only_full_group_by
2024-10-09 13:19:49 - SQLSTATE[42000]: Syntax error or access violation: 1055 Expression #1 of SELECT list is not in GROUP BY clause and contains nonaggregated column 'african_vibes.cart.cart_id' which is not functionally dependent on columns in GROUP BY clause; this is incompatible with sql_mode=only_full_group_by
2024-10-09 13:23:58 - SQLSTATE[42000]: Syntax error or access violation: 1055 Expression #1 of SELECT list is not in GROUP BY clause and contains nonaggregated column 'african_vibes.cart.cart_id' which is not functionally dependent on columns in GROUP BY clause; this is incompatible with sql_mode=only_full_group_by
2024-10-17 16:10:54 - SQLSTATE[42000]: Syntax error or access violation: 1055 Expression #1 of SELECT list is not in GROUP BY clause and contains nonaggregated column 'africanvibes.cart.cart_id' which is not functionally dependent on columns in GROUP BY clause; this is incompatible with sql_mode=only_full_group_by
2024-10-17 16:11:29 - SQLSTATE[42000]: Syntax error or access violation: 1055 Expression #1 of SELECT list is not in GROUP BY clause and contains nonaggregated column 'africanvibes.cart.cart_id' which is not functionally dependent on columns in GROUP BY clause; this is incompatible with sql_mode=only_full_group_by
2024-10-17 16:11:32 - SQLSTATE[42000]: Syntax error or access violation: 1055 Expression #1 of SELECT list is not in GROUP BY clause and contains nonaggregated column 'africanvibes.cart.cart_id' which is not functionally dependent on columns in GROUP BY clause; this is incompatible with sql_mode=only_full_group_by
2024-10-17 16:14:06 - SQLSTATE[42000]: Syntax error or access violation: 1055 Expression #1 of SELECT list is not in GROUP BY clause and contains nonaggregated column 'africanvibes.cart.cart_id' which is not functionally dependent on columns in GROUP BY clause; this is incompatible with sql_mode=only_full_group_by
2024-10-17 16:14:06 - SQLSTATE[42000]: Syntax error or access violation: 1055 Expression #1 of SELECT list is not in GROUP BY clause and contains nonaggregated column 'africanvibes.cart.cart_id' which is not functionally dependent on columns in GROUP BY clause; this is incompatible with sql_mode=only_full_group_by
2024-10-17 16:17:12 - SQLSTATE[42000]: Syntax error or access violation: 1055 Expression #1 of SELECT list is not in GROUP BY clause and contains nonaggregated column 'africanvibes.cart.cart_id' which is not functionally dependent on columns in GROUP BY clause; this is incompatible with sql_mode=only_full_group_by
2024-10-17 16:17:12 - SQLSTATE[42000]: Syntax error or access violation: 1055 Expression #1 of SELECT list is not in GROUP BY clause and contains nonaggregated column 'africanvibes.cart.cart_id' which is not functionally dependent on columns in GROUP BY clause; this is incompatible with sql_mode=only_full_group_by
2024-10-17 16:27:29 - SQLSTATE[42000]: Syntax error or access violation: 1055 Expression #1 of SELECT list is not in GROUP BY clause and contains nonaggregated column 'africanvibes.cart.cart_id' which is not functionally dependent on columns in GROUP BY clause; this is incompatible with sql_mode=only_full_group_by
2024-10-17 16:27:30 - SQLSTATE[42000]: Syntax error or access violation: 1055 Expression #1 of SELECT list is not in GROUP BY clause and contains nonaggregated column 'africanvibes.cart.cart_id' which is not functionally dependent on columns in GROUP BY clause; this is incompatible with sql_mode=only_full_group_by
2024-10-17 16:29:08 - SQLSTATE[42000]: Syntax error or access violation: 1055 Expression #1 of SELECT list is not in GROUP BY clause and contains nonaggregated column 'africanvibes.cart.cart_id' which is not functionally dependent on columns in GROUP BY clause; this is incompatible with sql_mode=only_full_group_by
2024-10-17 16:29:10 - SQLSTATE[42000]: Syntax error or access violation: 1055 Expression #1 of SELECT list is not in GROUP BY clause and contains nonaggregated column 'africanvibes.cart.cart_id' which is not functionally dependent on columns in GROUP BY clause; this is incompatible with sql_mode=only_full_group_by
2024-10-17 16:29:14 - SQLSTATE[42000]: Syntax error or access violation: 1055 Expression #1 of SELECT list is not in GROUP BY clause and contains nonaggregated column 'africanvibes.cart.cart_id' which is not functionally dependent on columns in GROUP BY clause; this is incompatible with sql_mode=only_full_group_by
2024-10-17 16:29:17 - SQLSTATE[42000]: Syntax error or access violation: 1055 Expression #1 of SELECT list is not in GROUP BY clause and contains nonaggregated column 'africanvibes.cart.cart_id' which is not functionally dependent on columns in GROUP BY clause; this is incompatible with sql_mode=only_full_group_by
2024-10-17 16:39:41 - SQLSTATE[42000]: Syntax error or access violation: 1055 Expression #1 of SELECT list is not in GROUP BY clause and contains nonaggregated column 'africanvibes.cart.cart_id' which is not functionally dependent on columns in GROUP BY clause; this is incompatible with sql_mode=only_full_group_by
2024-10-17 16:40:09 - SQLSTATE[42000]: Syntax error or access violation: 1055 Expression #1 of SELECT list is not in GROUP BY clause and contains nonaggregated column 'africanvibes.cart.cart_id' which is not functionally dependent on columns in GROUP BY clause; this is incompatible with sql_mode=only_full_group_by
2024-10-17 16:42:01 - SQLSTATE[42000]: Syntax error or access violation: 1055 Expression #1 of SELECT list is not in GROUP BY clause and contains nonaggregated column 'africanvibes.cart.cart_id' which is not functionally dependent on columns in GROUP BY clause; this is incompatible with sql_mode=only_full_group_by
2024-10-17 16:42:02 - SQLSTATE[42000]: Syntax error or access violation: 1055 Expression #1 of SELECT list is not in GROUP BY clause and contains nonaggregated column 'africanvibes.cart.cart_id' which is not functionally dependent on columns in GROUP BY clause; this is incompatible with sql_mode=only_full_group_by
2024-10-17 16:42:05 - SQLSTATE[42000]: Syntax error or access violation: 1055 Expression #1 of SELECT list is not in GROUP BY clause and contains nonaggregated column 'africanvibes.cart.cart_id' which is not functionally dependent on columns in GROUP BY clause; this is incompatible with sql_mode=only_full_group_by
2024-10-17 16:42:07 - SQLSTATE[42000]: Syntax error or access violation: 1055 Expression #1 of SELECT list is not in GROUP BY clause and contains nonaggregated column 'africanvibes.cart.cart_id' which is not functionally dependent on columns in GROUP BY clause; this is incompatible with sql_mode=only_full_group_by
2024-10-17 16:43:08 - SQLSTATE[42000]: Syntax error or access violation: 1055 Expression #1 of SELECT list is not in GROUP BY clause and contains nonaggregated column 'africanvibes.cart.cart_id' which is not functionally dependent on columns in GROUP BY clause; this is incompatible with sql_mode=only_full_group_by
2024-10-17 16:45:33 - SQLSTATE[42000]: Syntax error or access violation: 1055 Expression #1 of SELECT list is not in GROUP BY clause and contains nonaggregated column 'africanvibes.cart.cart_id' which is not functionally dependent on columns in GROUP BY clause; this is incompatible with sql_mode=only_full_group_by
2024-10-17 16:45:39 - SQLSTATE[42000]: Syntax error or access violation: 1055 Expression #1 of SELECT list is not in GROUP BY clause and contains nonaggregated column 'africanvibes.cart.cart_id' which is not functionally dependent on columns in GROUP BY clause; this is incompatible with sql_mode=only_full_group_by
2024-10-17 16:45:42 - SQLSTATE[42000]: Syntax error or access violation: 1055 Expression #1 of SELECT list is not in GROUP BY clause and contains nonaggregated column 'africanvibes.cart.cart_id' which is not functionally dependent on columns in GROUP BY clause; this is incompatible with sql_mode=only_full_group_by
2024-10-17 16:45:45 - SQLSTATE[42000]: Syntax error or access violation: 1055 Expression #1 of SELECT list is not in GROUP BY clause and contains nonaggregated column 'africanvibes.cart.cart_id' which is not functionally dependent on columns in GROUP BY clause; this is incompatible with sql_mode=only_full_group_by
2024-10-17 16:53:40 - SQLSTATE[42000]: Syntax error or access violation: 1055 Expression #1 of SELECT list is not in GROUP BY clause and contains nonaggregated column 'africanvibes.cart.cart_id' which is not functionally dependent on columns in GROUP BY clause; this is incompatible with sql_mode=only_full_group_by
2024-10-17 17:00:42 - SQLSTATE[42000]: Syntax error or access violation: 1055 Expression #1 of SELECT list is not in GROUP BY clause and contains nonaggregated column 'africanvibes.cart.cart_id' which is not functionally dependent on columns in GROUP BY clause; this is incompatible with sql_mode=only_full_group_by
2024-10-17 17:00:42 - SQLSTATE[42000]: Syntax error or access violation: 1055 Expression #1 of SELECT list is not in GROUP BY clause and contains nonaggregated column 'africanvibes.cart.cart_id' which is not functionally dependent on columns in GROUP BY clause; this is incompatible with sql_mode=only_full_group_by
2024-10-17 17:00:46 - SQLSTATE[42000]: Syntax error or access violation: 1055 Expression #1 of SELECT list is not in GROUP BY clause and contains nonaggregated column 'africanvibes.cart.cart_id' which is not functionally dependent on columns in GROUP BY clause; this is incompatible with sql_mode=only_full_group_by
2024-10-17 17:00:51 - SQLSTATE[42000]: Syntax error or access violation: 1055 Expression #1 of SELECT list is not in GROUP BY clause and contains nonaggregated column 'africanvibes.cart.cart_id' which is not functionally dependent on columns in GROUP BY clause; this is incompatible with sql_mode=only_full_group_by
2024-10-17 17:01:21 - SQLSTATE[42000]: Syntax error or access violation: 1055 Expression #1 of SELECT list is not in GROUP BY clause and contains nonaggregated column 'africanvibes.cart.cart_id' which is not functionally dependent on columns in GROUP BY clause; this is incompatible with sql_mode=only_full_group_by
2024-10-17 17:39:25 - SQLSTATE[22007]: Invalid datetime format: 1292 Incorrect datetime value: '2024-10-17T15:39:12.000Z' for column 'payment_date' at row 1
2024-10-17 17:46:38 - SQLSTATE[22007]: Invalid datetime format: 1292 Incorrect datetime value: '2024-10-17T15:46:32.000Z' for column 'payment_date' at row 1
2024-10-17 17:50:03 - SQLSTATE[22007]: Invalid datetime format: 1292 Incorrect datetime value: '2024-10-17T15:49:55.000Z' for column 'payment_date' at row 1
2024-10-17 17:50:21 - SQLSTATE[22007]: Invalid datetime format: 1292 Incorrect datetime value: '2024-10-17T15:50:14.000Z' for column 'payment_date' at row 1
2024-10-17 17:50:21 - SQLSTATE[22007]: Invalid datetime format: 1292 Incorrect datetime value: '2024-10-17T15:50:14.000Z' for column 'payment_date' at row 1
